---
source: crates/math-core/src/parser.rs
expression: "\\mathit{ab \\max \\alpha\\beta}"
---
[
  Row(
    nodes: [
      IdentifierStr("𝑎𝑏"),
      PseudoOp(
        attr: None,
        left: Some(ThreeMu),
        right: Some(ThreeMu),
        name: "max",
      ),
      IdentifierStr("𝛼𝛽"),
    ],
    attr: None,
  ),
]
