---
source: crates/math-core/src/parser.rs
expression: ":2=:="
---
[
  Operator(
    op: ':',
    attrs: OpAttrs(""),
    size: None,
    left: Some(Zero),
    right: Some(FiveMu),
  ),
  Number("2"),
  Operator(
    op: '=',
    attrs: OpAttrs(""),
    size: None,
    left: None,
    right: Some(Zero),
  ),
  Operator(
    op: ':',
    attrs: OpAttrs(""),
    size: None,
    left: Some(Zero),
    right: Some(Zero),
  ),
  Operator(
    op: '=',
    attrs: OpAttrs(""),
    size: None,
    left: Some(Zero),
    right: Some(Zero),
  ),
]
