---
source: crates/math-core/src/parser.rs
expression: "\\cancel{abc}"
---
[
  Enclose(
    content: Row(
      nodes: [
        IdentifierChar("a", Default),
        IdentifierChar("b", Default),
        IdentifierChar("c", Default),
      ],
      attrs: RowAttrs(
        color: None,
        style: None,
        math_shift_compact: false,
      ),
    ),
    notation: Notation("UP_DIAGONAL"),
  ),
]
