---
source: crates/math-core/src/parser.rs
expression: "\\pmod{3}_4"
---
[
  Space(Length(
    value: 1.0,
    unit: Em,
  )),
  StretchableOp(StretchableOp('(', Always), NoStretch),
  IdentifierStr("mod"),
  Space(Length(
    value: 0.33333334,
    unit: Em,
  )),
  Number("3"),
  Subscript(
    target: StretchableOp(StretchableOp(')', Always), NoStretch),
    symbol: Number("4"),
  ),
]
