---
source: crates/math-core/src/parser.rs
expression: "x_:\\equiv, x_:="
---
[
  Sub(
    target: IdentifierChar('x', Default),
    symbol: Operator(
      op: ':',
      attrs: OpAttrs(""),
      left: None,
      right: None,
    ),
  ),
  Operator(
    op: '≡',
    attrs: OpAttrs(""),
    left: None,
    right: Some(Zero),
  ),
  Operator(
    op: ',',
    attrs: OpAttrs(""),
    left: None,
    right: None,
  ),
  Sub(
    target: IdentifierChar('x', Default),
    symbol: Operator(
      op: ':',
      attrs: OpAttrs(""),
      left: None,
      right: None,
    ),
  ),
  Operator(
    op: '=',
    attrs: OpAttrs(""),
    left: None,
    right: Some(Zero),
  ),
]
