---
source: crates/math-core/src/lexer.rs
expression: "{x\\color     {red} y}"
---
0:1: GroupBegin
1:2: Letter('x', True)
2:8: Color
13:14: GroupBegin
14:15: Letter('r', True)
15:16: Letter('e', True)
16:17: Letter('d', True)
17:18: GroupEnd
18:19: Whitespace
19:20: Letter('y', True)
20:21: GroupEnd
