---
source: crates/math-core/src/parser.rs
expression: "\\mathit{ab \\log cd}"
---
[
  Row(
    nodes: [
      IdentifierStr("𝑎𝑏"),
      Space(Length(
        value: 0.1667,
        unit: Em,
      )),
      Row(
        nodes: [
          IdentifierStr("log"),
          Operator(
            op: "\u{2061}",
            attrs: OpAttrs(""),
            roles: OpRoles("ROLE_INFIX"),
            size: None,
            left: Some(ThreeMu),
            right: None,
          ),
          IdentifierStr("𝑐𝑑"),
        ],
        attrs: RowAttrs(
          color: None,
          style: None,
          math_shift_compact: false,
        ),
      ),
    ],
    attrs: RowAttrs(
      color: None,
      style: None,
      math_shift_compact: false,
    ),
  ),
]
