---
source: crates/math-core/src/lexer.rs
expression: "\\genfrac{}]{0pt}{2}{a+b}{c+d}"
---
0: Genfrac
8: GroupBegin
9: GroupEnd
10: SquareBracketClose
11: GroupBegin
12: Digit('0')
13: Letter('p', True)
14: Letter('t', True)
15: GroupEnd
16: GroupBegin
17: Digit('2')
18: GroupEnd
19: GroupBegin
20: Letter('a', True)
21: BinaryOp(Bin { char: '+', cat: BD })
22: Letter('b', True)
23: GroupEnd
24: GroupBegin
25: Letter('c', True)
26: BinaryOp(Bin { char: '+', cat: BD })
27: Letter('d', True)
28: GroupEnd
