---
source: crates/math-core/src/parser.rs
expression: "{\\int = 4}"
---
[
  Row(
    nodes: [
      Operator(
        op: '∫',
        attrs: OpAttrs(""),
        size: None,
        left: Some(Zero),
        right: Some(Zero),
      ),
      Operator(
        op: '=',
        attrs: OpAttrs(""),
        size: None,
        left: None,
        right: None,
      ),
      Number("4"),
    ],
    attr: None,
  ),
]
