---
source: crates/math-core/src/parser.rs
expression: "\\genfrac(){1pt}{0}{1}{2}"
---
[
  Row(
    nodes: [
      Operator(
        op: '(',
        attrs: OpAttrs(""),
        size: None,
        left: None,
        right: None,
      ),
      Frac(
        num: Number("1"),
        denom: Number("2"),
        lt_value: 0.1,
        lt_unit: Rem,
        attr: None,
      ),
      Operator(
        op: ')',
        attrs: OpAttrs(""),
        size: None,
        left: None,
        right: None,
      ),
    ],
    attr: Some(Style(Display)),
  ),
]
