---
source: latex2mmlc/tests/wiki_test.rs
expression: "\\left . \\frac{A}{B} \\right \\} \\to X"
---
<math>
    <mrow>
        <mo stretchy="true"></mo>
        <mfrac>
            <mi>A</mi>
            <mi>B</mi>
        </mfrac>
        <mo stretchy="true">}</mo>
    </mrow>
    <mo>→</mo>
    <mi>X</mi>
</math>
