---
source: latex2mmlc/tests/wiki_test.rs
expression: "\\check{a}, \\breve{a}, \\tilde{a}, \\bar{a}"
---
<math>
    <mover>
        <mi>a</mi>
        <mo accent="true">ˇ</mo>
    </mover>
    <mo>,</mo>
    <mover>
        <mi>a</mi>
        <mo accent="true">˘</mo>
    </mover>
    <mo>,</mo>
    <mover>
        <mi>a</mi>
        <mo accent="true">~</mo>
    </mover>
    <mo>,</mo>
    <mover>
        <mi>a</mi>
        <mo accent="true">¯</mo>
    </mover>
</math>
