---
source: latex2mmlc/tests/wiki_test.rs
expression: "\\left [ 0,1 \\right ) \\left \\langle \\psi \\right |"
---
<math>
    <mrow>
        <mo stretchy="true">[</mo>
        <mn>0,1</mn>
        <mo stretchy="true">)</mo>
    </mrow>
    <mrow>
        <mo stretchy="true">⟨</mo>
        <mi>ψ</mi>
        <mo stretchy="true">|</mo>
    </mrow>
</math>
