---
source: latex2mmlc/tests/wiki_test.rs
expression: "\\underbrace{ a+b+\\cdots+z }_{26}"
---
<math>
    <munder>
        <munder>
            <mrow>
                <mi>a</mi>
                <mo>+</mo>
                <mi>b</mi>
                <mo>+</mo>
                <mo>⋯</mo>
                <mo>+</mo>
                <mi>z</mi>
            </mrow>
            <mo>⏟</mo>
        </munder>
        <mn>26</mn>
    </munder>
</math>
