---
source: latex2mmlc/tests/wiki_test.rs
expression: "/ \\big/ \\Big/ \\bigg/ \\Bigg/ \\dots \\Bigg\\backslash \\bigg\\backslash \\Big \\backslash \\big\\backslash \\backslash"
---
<math>
    <mi>/</mi>
    <mo maxsize="1.2em" minsize="1.2em">/</mo>
    <mo maxsize="1.623em" minsize="1.623em">/</mo>
    <mo maxsize="2.047em" minsize="2.047em">/</mo>
    <mo maxsize="2.470em" minsize="2.470em">/</mo>
    <mo>⋯</mo>
    <mo maxsize="2.470em" minsize="2.470em">\</mo>
    <mo maxsize="2.047em" minsize="2.047em">\</mo>
    <mo maxsize="1.623em" minsize="1.623em">\</mo>
    <mo maxsize="1.2em" minsize="1.2em">\</mo>
    <mi>\</mi>
</math>
