---
source: latex2mmlc/tests/wiki_test.rs
expression: "\\left [ \\frac{a}{b} \\right ] \\quad \\left \\lbrack \\frac{a}{b} \\right \\rbrack"
---
<math>
    <mrow>
        <mo stretchy="true" form="prefix">[</mo>
        <mfrac>
            <mi>a</mi>
            <mi>b</mi>
        </mfrac>
        <mo stretchy="true" form="postfix">]</mo>
    </mrow>
    <mspace width="1em"/>
    <mrow>
        <mo stretchy="true" form="prefix">[</mo>
        <mfrac>
            <mi>a</mi>
            <mi>b</mi>
        </mfrac>
        <mo stretchy="true" form="postfix">]</mo>
    </mrow>
</math>
