---
source: latex2mmlc/src/parse.rs
expression: "\\begin{pmatrix} x \\\\ y \\end{pmatrix}"
---
[
  Fence(
    style: None,
    open: LeftParenthesis,
    content: Table(
      content: [
        SingleLetterIdent('x', false),
        RowSeparator,
        SingleLetterIdent('y', false),
      ],
      align: Center,
      attr: None,
    ),
    close: RightParenthesis,
  ),
]
