---
source: latex2mmlc/src/parse.rs
expression: "\\begin{pmatrix} x \\\\ y \\end{pmatrix}"
---
[
  Row(
    nodes: [
      StretchableOp(ParenOp('(', None, Always), Fence),
      Table(
        content: [
          SingleLetterIdent('x', false),
          RowSeparator,
          SingleLetterIdent('y', false),
        ],
        align: Center,
        attr: None,
      ),
      StretchableOp(ParenOp(')', None, Always), Fence),
    ],
    style: None,
  ),
]
