---
source: latex2mmlc/src/parse.rs
expression: "\\mathrm{ab\\mathit{cd}ef}"
---
[
  TextTransform(
    tf: Normal,
    content: Row(
      nodes: [
        CollectedLetters("ab"),
        TextTransform(
          tf: Transform(Italic),
          content: CollectedLetters("cd"),
        ),
        CollectedLetters("ef"),
      ],
      attr: None,
    ),
  ),
]
