---
source: latex2mmlc/src/parse.rs
expression: "\\begin{pmatrix} x \\\\ y \\end{pmatrix}"
---
[
  Fenced(
    open: Op('('),
    close: Op(')'),
    style: None,
    stretchy: false,
    content: Table(
      content: [
        SingleLetterIdent('x', None),
        RowSeparator,
        SingleLetterIdent('y', None),
      ],
      align: Center,
      attr: None,
    ),
  ),
]
