---
source: latex2mmlc/src/lib.rs
expression: "\\genfrac(]{0pt}{2}{a+b}{c+d}"
---
<math>
    <mrow displaystyle="false" scriptlevel="1">
        <mo stretchy="true" form="prefix">(</mo>
        <mfrac linethickness="0pt">
            <mrow>
                <mi>a</mi>
                <mo>+</mo>
                <mi>b</mi>
            </mrow>
            <mrow>
                <mi>c</mi>
                <mo>+</mo>
                <mi>d</mi>
            </mrow>
        </mfrac>
        <mo stretchy="true" form="postfix">]</mo>
    </mrow>
</math>
