---
source: math-core/tests/conversion_test.rs
expression: "\\sum_{i = 0}^∞ i"
---
<math>
    <munderover>
        <mo lspace="0">∑</mo>
        <mrow>
            <mi>i</mi>
            <mo lspace="0" rspace="0">=</mo>
            <mn>0</mn>
        </mrow>
        <mi>∞</mi>
    </munderover>
    <mi>i</mi>
</math>
