---
source: math-core/tests/wiki_test.rs
expression: "\\rightarrow \\to, \\nrightarrow, \\longrightarrow"
---
<math>
    <mo lspace="0" rspace="0">→</mo>
    <mo lspace="0" rspace="0">→</mo>
    <mo>,</mo>
    <mo lspace="0" rspace="0">↛</mo>
    <mo>,</mo>
    <mo lspace="0" rspace="0">⟶</mo>
</math>
