---
source: math-core/tests/wiki_test.rs
expression: "\\nearrow, \\swarrow, \\nwarrow, \\searrow"
---
<math>
    <mo lspace="0" rspace="0">↗</mo>
    <mo>,</mo>
    <mo lspace="0" rspace="0">↙</mo>
    <mo>,</mo>
    <mo lspace="0" rspace="0">↖</mo>
    <mo>,</mo>
    <mo lspace="0" rspace="0">↘</mo>
</math>
