---
source: math-core/tests/wiki_test.rs
expression: "\\prime, \\backprime, f^\\prime, f', f'', f^{(3)}, \\dot y, \\ddot y"
---
<math>
    <mo>′</mo>
    <mo>,</mo>
    <mo>‵</mo>
    <mo>,</mo>
    <msup>
        <mi>f</mi>
        <mo>′</mo>
    </msup>
    <mo>,</mo>
    <msup>
        <mi>f</mi>
        <mo>′</mo>
    </msup>
    <mo>,</mo>
    <msup>
        <mi>f</mi>
        <mo>″</mo>
    </msup>
    <mo>,</mo>
    <msup>
        <mi>f</mi>
        <mrow>
            <mo stretchy="false">(</mo>
            <mn>3</mn>
            <mo stretchy="false">)</mo>
        </mrow>
    </msup>
    <mo>,</mo>
    <mi>𝑦̇</mi>
    <mo>,</mo>
    <mi>𝑦̈</mi>
</math>
