---
source: math-core/tests/wiki_test.rs
expression: "\\lessgtr, \\lesseqgtr, \\lesseqqgtr, \\gtrless, \\gtreqless, \\gtreqqless"
---
<math>
    <mo>≶</mo>
    <mo>,</mo>
    <mo>⋚</mo>
    <mo>,</mo>
    <mo>⪋</mo>
    <mo>,</mo>
    <mo>≷</mo>
    <mo>,</mo>
    <mo>⋛</mo>
    <mo>,</mo>
    <mo>⪌</mo>
</math>
