---
source: math-core/tests/wiki_test.rs
expression: "\\Iota \\Kappa \\Lambda \\Mu \\Nu \\Xi \\Omicron \\Pi"
---
<math>
    <mi mathvariant="normal">Ι</mi>
    <mi mathvariant="normal">Κ</mi>
    <mi mathvariant="normal">Λ</mi>
    <mi mathvariant="normal">Μ</mi>
    <mi mathvariant="normal">Ν</mi>
    <mi mathvariant="normal">Ξ</mi>
    <mi mathvariant="normal">Ο</mi>
    <mi mathvariant="normal">Π</mi>
</math>
