---
source: math-core/tests/wiki_test.rs
expression: "\\amalg \\P \\S \\% \\dagger\\ddagger\\ldots\\cdots"
---
<math>
    <mo>⨿</mo>
    <mi>¶</mi>
    <mi>§</mi>
    <mi>%</mi>
    <mi>†</mi>
    <mi>‡</mi>
    <mo>…</mo>
    <mrow>
        <mo>·</mo>
        <mo lspace="0em" rspace="0em">·</mo>
        <mo>·</mo>
    </mrow>
</math>
