---
source: math-core/tests/wiki_test.rs
expression: "\\doteq, \\doteqdot, \\overset{\\underset{\\mathrm{def}}{}}{=}, :="
---
<math>
    <mo lspace="0" rspace="0">≐</mo>
    <mo>,</mo>
    <mo lspace="0" rspace="0">≑</mo>
    <mo>,</mo>
    <mover>
        <mo>=</mo>
        <munder>
            <mrow>
            </mrow>
            <mi>def</mi>
        </munder>
    </mover>
    <mo>,</mo>
    <mo lspace="0.2778em" rspace="0">:</mo>
    <mo lspace="0" rspace="0">=</mo>
</math>
