---
source: math-core/tests/wiki_test.rs
expression: "\\times, \\div, \\divideontimes, /, \\backslash"
---
<math>
    <mo lspace="0" rspace="0">×</mo>
    <mo>,</mo>
    <mo lspace="0" rspace="0">÷</mo>
    <mo>,</mo>
    <mo lspace="0" rspace="0">⋇</mo>
    <mo>,</mo>
    <mi>/</mi>
    <mo>,</mo>
    <mi>\</mi>
</math>
