---
source: math-core/tests/wiki_test.rs
expression: "\\therefore, \\because, \\And"
---
<math>
    <mo lspace="0" rspace="0">∴</mo>
    <mo>,</mo>
    <mo lspace="0" rspace="0">∵</mo>
    <mo>,</mo>
    <mrow>
        <mspace width="0.2777778em"/>
        <mo>&amp;</mo>
        <mspace width="0.2777778em"/>
    </mrow>
</math>
