---
source: math-core/tests/wiki_test.rs
expression: "\\curvearrowleft \\circlearrowleft \\Lsh \\upuparrows \\rightrightarrows \\rightleftarrows \\rightarrowtail \\looparrowright"
---
<math>
    <mo>↶</mo>
    <mo lspace="0">↺</mo>
    <mo lspace="0">↰</mo>
    <mo lspace="0">⇈</mo>
    <mo lspace="0">⇉</mo>
    <mo lspace="0">⇄</mo>
    <mo lspace="0">↣</mo>
    <mo lspace="0">↬</mo>
</math>
