---
source: math-core/tests/wiki_test.rs
expression: "\\lfloor \\bigl\\lfloor \\Bigl\\lfloor \\biggl\\lfloor \\Biggl\\lfloor \\dots \\Biggr\\rceil \\biggr\\rceil \\Bigr\\rceil \\bigr\\rceil \\rceil"
---
<math>
    <mo stretchy="false">⌊</mo>
    <mo maxsize="1.2em" minsize="1.2em">⌊</mo>
    <mo maxsize="1.623em" minsize="1.623em">⌊</mo>
    <mo maxsize="2.047em" minsize="2.047em">⌊</mo>
    <mo maxsize="2.470em" minsize="2.470em">⌊</mo>
    <mrow>
        <mo>.</mo>
        <mo lspace="0em" rspace="0em">.</mo>
        <mo>.</mo>
    </mrow>
    <mo maxsize="2.470em" minsize="2.470em">⌉</mo>
    <mo maxsize="2.047em" minsize="2.047em">⌉</mo>
    <mo maxsize="1.623em" minsize="1.623em">⌉</mo>
    <mo maxsize="1.2em" minsize="1.2em">⌉</mo>
    <mo stretchy="false">⌉</mo>
</math>
