---
source: math-core/tests/wiki_test.rs
expression: "\\left [ 0,1 \\right ) \\left \\langle \\psi \\right |"
---
<math>
    <mrow>
        <mo>[</mo>
        <mrow>
            <mn>0</mn>
            <mo>,</mo>
            <mn>1</mn>
        </mrow>
        <mo>)</mo>
    </mrow>
    <mrow>
        <mo>⟨</mo>
        <mi>ψ</mi>
        <mo>|</mo>
    </mrow>
</math>
