---
source: math-core/tests/wiki_test.rs
expression: "\\boldsymbol{\\Iota \\Kappa \\Lambda \\Mu \\Nu \\Xi \\Omicron \\Pi}"
---
<math>
    <mrow>
        <mi>𝚰</mi>
        <mi>𝚱</mi>
        <mi>𝚲</mi>
        <mi>𝚳</mi>
        <mi>𝚴</mi>
        <mi>𝚵</mi>
        <mi>𝚶</mi>
        <mi>𝚷</mi>
    </mrow>
</math>
