---
source: math-core/tests/wiki_test.rs
expression: "dt, \\mathrm{d}t, \\partial t, \\nabla\\psi"
---
<math>
    <mi>d</mi>
    <mi>t</mi>
    <mo>,</mo>
    <mpadded><mi mathvariant="normal">d</mi></mpadded>
    <mi>t</mi>
    <mo>,</mo>
    <mi>∂</mi>
    <mi>t</mi>
    <mo>,</mo>
    <mpadded><mi mathvariant="normal">∇</mi></mpadded>
    <mi>ψ</mi>
</math>
