---
source: math-core/tests/wiki_test.rs
expression: "\\hat a \\ \\bar b \\ \\vec c \\\\ \\overrightarrow{a b} \\ \\overleftarrow{c d}\\\\ \\widehat{d e f} \\\\ \\overline{g h i} \\ \\underline{j k l}"
---
<math>
    <mi>𝑎̂</mi>
    <mtext> </mtext>
    <mi>𝑏̄</mi>
    <mtext> </mtext>
    <mi>𝑐⃗</mi>
    <mover>
        <mrow>
            <mi>a</mi>
            <mi>b</mi>
        </mrow>
        <mo accent="true">→</mo>
    </mover>
    <mtext> </mtext>
    <mover>
        <mrow>
            <mi>c</mi>
            <mi>d</mi>
        </mrow>
        <mo accent="true">←</mo>
    </mover>
    <mover>
        <mrow>
            <mi>d</mi>
            <mi>e</mi>
            <mi>f</mi>
        </mrow>
        <mo accent="true">^</mo>
    </mover>
    <mover>
        <mrow>
            <mi>g</mi>
            <mi>h</mi>
            <mi>i</mi>
        </mrow>
        <mo accent="true">‾</mo>
    </mover>
    <mtext> </mtext>
    <munder>
        <mrow>
            <mi>j</mi>
            <mi>k</mi>
            <mi>l</mi>
        </mrow>
        <mo accent="true">_</mo>
    </munder>
</math>
