---
source: crates/math-core/tests/conversion_test.rs
expression: "\\overset{!}{\\left(x+\\right)}"
---
<math>
    <mover>
        <mrow>
            <mo>(</mo>
            <mrow>
                <mi>x</mi>
                <mo lspace="0" rspace="0">+</mo>
            </mrow>
            <mo>)</mo>
        </mrow>
        <mo>!</mo>
    </mover>
</math>
