---
source: crates/math-core/tests/conversion_test.rs
expression: "\\odv{\\odv f x} x"
---
<math>
    <mfrac>
        <mrow>
            <mrow><mspace/><mi mathvariant="normal">d</mi></mrow>
            <mfrac>
                <mrow>
                    <mrow><mspace/><mi mathvariant="normal">d</mi></mrow>
                    <mi>f</mi>
                </mrow>
                <mrow>
                    <mrow><mspace/><mi mathvariant="normal">d</mi></mrow>
                    <mi>x</mi>
                </mrow>
            </mfrac>
        </mrow>
        <mrow>
            <mrow><mspace/><mi mathvariant="normal">d</mi></mrow>
            <mi>x</mi>
        </mrow>
    </mfrac>
</math>
