---
source: crates/math-core/tests/conversion_test.rs
expression: ‷″″′″‷′′‶‵
---
<math>
    <msup>
        <mrow></mrow>
        <mrow>
            <mo>‷</mo>
            <mo>′</mo>
            <mspace style="margin-left:-0.0833em;"/>
            <mo>′</mo>
            <mspace style="margin-left:-0.0833em;"/>
            <mo>′</mo>
            <mspace style="margin-left:-0.0833em;"/>
            <mo>′</mo>
            <mspace style="margin-left:-0.0833em;"/>
            <mo>′</mo>
            <mspace style="margin-left:-0.0833em;"/>
            <mo>′</mo>
            <mspace style="margin-left:-0.0833em;"/>
            <mo>′</mo>
            <mo>‷</mo>
            <mo>″</mo>
            <mo>‷</mo>
        </mrow>
    </msup>
</math>
