---
source: crates/math-core/tests/conversion_test.rs
expression: "\\odv{f}{x}"
---
<math>
    <mfrac>
        <mrow>
            <mpadded><mi mathvariant="normal">d</mi></mpadded>
            <mi>f</mi>
        </mrow>
        <mrow>
            <mpadded><mi mathvariant="normal">d</mi></mpadded>
            <mi>x</mi>
        </mrow>
    </mfrac>
</math>
