---
source: crates/math-core/tests/conversion_test.rs
expression: "x\\left(\\sin x\\right)"
---
<math>
    <mi>x</mi>
    <mrow>
        <mo>(</mo>
        <mrow>
            <mrow><mspace/><mi>sin</mi></mrow>
            <mo lspace="0.1667em">&ApplyFunction;</mo>
            <mi>x</mi>
        </mrow>
        <mo>)</mo>
    </mrow>
</math>
