---
source: crates/math-core/tests/conversion_test.rs
expression: "\\Braket{\\phi|\\dfrac{\\partial^2}{\\partial t^2}|\\psi}"
---
<math>
    <mrow>
        <mo>⟨</mo>
        <mi>ϕ</mi>
        <mo stretchy="true" form="infix" lspace="0.1667em" rspace="0.1667em">|</mo>
        <mfrac displaystyle="true">
            <msup>
                <mi>∂</mi>
                <mn>2</mn>
            </msup>
            <mrow>
                <mi>∂</mi>
                <msup>
                    <mi>t</mi>
                    <mn>2</mn>
                </msup>
            </mrow>
        </mfrac>
        <mo stretchy="true" form="infix" lspace="0.1667em" rspace="0.1667em">|</mo>
        <mi>ψ</mi>
        <mo>⟩</mo>
    </mrow>
</math>
