---
source: crates/math-core/tests/conversion_test.rs
expression: "f'''''"
---
<math>
    <msup>
        <mi>f</mi>
        <mrow>
            <mo>′</mo>
            <mspace style="margin-left:-0.0833em;"/>
            <mo>′</mo>
            <mspace style="margin-left:-0.0833em;"/>
            <mo>′</mo>
            <mspace style="margin-left:-0.0833em;"/>
            <mo>′</mo>
            <mspace style="margin-left:-0.0833em;"/>
            <mo>′</mo>
        </mrow>
    </msup>
</math>
