---
source: crates/math-core/tests/conversion_test.rs
expression: "{fi}\\ \\mathit{fi}\\ \\mathrm{fi}\\ \\texttt{fi}"
---
<math>
    <mrow>
        <mi>f</mi>
        <mi>i</mi>
    </mrow>
    <mtext> </mtext>
    <mrow><mspace/><mi>𝑓𝑖</mi></mrow>
    <mtext> </mtext>
    <mrow><mspace/><mi>fi</mi></mrow>
    <mtext> </mtext>
    <mtext><code>fi</code></mtext>
</math>
