---
source: crates/math-core/tests/conversion_test.rs
expression: "\\sin[x]"
---
<math>
    <mrow>
        <mrow><mspace/><mi>sin</mi></mrow>
        <mo lspace="0">⁡</mo>
        <mrow>
            <mo stretchy="false">[</mo>
            <mi>x</mi>
            <mo stretchy="false">]</mo>
        </mrow>
    </mrow>
</math>
