---
source: crates/math-core/tests/conversion_test.rs
expression: "\\mathit{a\\operatorname{bc}d}"
---
<math>
    <mrow>
        <mi>𝑎</mi>
        <mrow>
            <mrow><mspace/><mi>bc</mi></mrow>
            <mo lspace="0.1667em">⁡</mo>
            <mi>𝑑</mi>
        </mrow>
    </mrow>
</math>
