---
source: crates/math-core/tests/conversion_test.rs
expression: "\\displaystyle\\lim_{n\\to\\infty} a_n"
---
<math>
    <mrow displaystyle="true" scriptlevel="0">
        <mrow>
            <munder>
                <mrow><mspace/><mi>lim</mi></mrow>
                <mrow>
                    <mi>n</mi>
                    <mo stretchy="false" lspace="0" rspace="0">→</mo>
                    <mi>∞</mi>
                </mrow>
            </munder>
            <mo lspace="0.1667em">&ApplyFunction;</mo>
            <msub>
                <mi>a</mi>
                <mi>n</mi>
            </msub>
        </mrow>
    </mrow>
</math>
