---
source: crates/math-core/tests/conversion_test.rs
expression: a‷″″′″‷′′‶‵^a_b
---
<math>
    <msubsup>
        <mi>a</mi>
        <mi>b</mi>
        <mrow>
            <mo>‷</mo>
            <mo>′</mo>
            <mspace style="margin-left:-0.0833em;"/>
            <mo>′</mo>
            <mspace style="margin-left:-0.0833em;"/>
            <mo>′</mo>
            <mspace style="margin-left:-0.0833em;"/>
            <mo>′</mo>
            <mspace style="margin-left:-0.0833em;"/>
            <mo>′</mo>
            <mspace style="margin-left:-0.0833em;"/>
            <mo>′</mo>
            <mspace style="margin-left:-0.0833em;"/>
            <mo>′</mo>
            <mo>‷</mo>
            <mo>″</mo>
            <mo>‷</mo>
            <mi>a</mi>
        </mrow>
    </msubsup>
</math>
