---
source: crates/math-core/tests/error_test.rs
expression: "\\begin{cases} 1 \\\\ \\hline 2 \\end{cases}"
---
Error: Found "\h[dash]line", which may only appear directly after a `\\` or at the beginning of an array or matrix.
   ╭─[ <input>:1:20 ]
   │
 1 │ \begin{cases} 1 \\ \hline 2 \end{cases}
   │                    ───┬──  
   │                       ╰──── cannot be used here
───╯
