---
source: crates/math-core/tests/error_test.rs
expression: "\\begin{matrix} 1 \\end{bmatrix}"
---
Error: Expected "\end{matrix}", but got "\end{bmatrix}".
   ╭─[ <input>:1:18 ]
   │
 1 │ \begin{matrix} 1 \end{bmatrix}
   │                  ──────┬──────  
   │                        ╰──────── expected "\end{matrix}" here
───╯
