---
source: crates/math-core/tests/wiki_test.rs
expression: "\\uparrow \\big\\uparrow \\Big\\uparrow \\bigg\\uparrow \\Bigg\\uparrow \\dots \\Bigg\\Downarrow \\bigg\\Downarrow \\Big\\Downarrow \\big\\Downarrow \\Downarrow"
---
<math>
    <mo stretchy="false" lspace="0">↑</mo>
    <mo symmetric="true" lspace="0" rspace="0" minsize="1.2em" maxsize="1.2em">↑</mo>
    <mo symmetric="true" lspace="0" rspace="0" minsize="1.623em" maxsize="1.623em">↑</mo>
    <mo symmetric="true" lspace="0" rspace="0" minsize="2.047em" maxsize="2.047em">↑</mo>
    <mo symmetric="true" lspace="0" rspace="0" minsize="2.470em" maxsize="2.470em">↑</mo>
    <mo>.</mo>
    <mo lspace="0" rspace="0.1667em">.</mo>
    <mo lspace="0">.</mo>
    <mo symmetric="true" lspace="0" rspace="0" minsize="2.470em" maxsize="2.470em">⇓</mo>
    <mo symmetric="true" lspace="0" rspace="0" minsize="2.047em" maxsize="2.047em">⇓</mo>
    <mo symmetric="true" lspace="0" rspace="0" minsize="1.623em" maxsize="1.623em">⇓</mo>
    <mo symmetric="true" lspace="0" rspace="0" minsize="1.2em" maxsize="1.2em">⇓</mo>
    <mo stretchy="false" rspace="0">⇓</mo>
</math>
