---
source: crates/math-core/tests/wiki_test.rs
expression: "\\curvearrowright \\circlearrowright \\Rsh \\downdownarrows \\leftleftarrows \\leftrightarrows \\leftarrowtail \\looparrowleft"
---
<math>
    <mo lspace="0" rspace="0">↷</mo>
    <mo lspace="0" rspace="0">↻</mo>
    <mo lspace="0" rspace="0">↱</mo>
    <mo lspace="0" rspace="0">⇊</mo>
    <mo lspace="0" rspace="0">⇇</mo>
    <mo lspace="0" rspace="0">⇆</mo>
    <mo lspace="0" rspace="0">↢</mo>
    <mo lspace="0" rspace="0">↫</mo>
</math>
