---
source: crates/math-core/tests/wiki_test.rs
expression: "\\arcsin h, \\arccos i, \\arctan j"
---
<math>
    <mo lspace="0" rspace="0.1667em">arcsin</mo>
    <mi>h</mi>
    <mo>,</mo>
    <mo lspace="0" rspace="0.1667em">arccos</mo>
    <mi>i</mi>
    <mo>,</mo>
    <mo lspace="0" rspace="0.1667em">arctan</mo>
    <mi>j</mi>
</math>
