---
source: crates/math-core/tests/wiki_test.rs
expression: "\\gtrsim, \\gnsim, \\gtrapprox, \\gnapprox"
---
<math>
    <mo lspace="0" rspace="0">≳</mo>
    <mo>,</mo>
    <mo lspace="0" rspace="0">⋧</mo>
    <mo>,</mo>
    <mo lspace="0" rspace="0">⪆</mo>
    <mo>,</mo>
    <mo lspace="0" rspace="0">⪊</mo>
</math>
