---
source: crates/math-core/tests/wiki_test.rs
expression: "dt, \\mathrm{d}t, \\partial t, \\nabla\\psi"
---
<math>
    <mi>d</mi>
    <mi>t</mi>
    <mo>,</mo>
    <mrow><mspace/><mi mathvariant="normal">d</mi></mrow>
    <mi>t</mi>
    <mo>,</mo>
    <mi>∂</mi>
    <mi>t</mi>
    <mo>,</mo>
    <mrow><mspace/><mi mathvariant="normal">∇</mi></mrow>
    <mi>ψ</mi>
</math>
