---
source: math-core/src/latex_parser/parse.rs
expression: "\\genfrac(){1pt}{0}{1}{2}"
---
[
  Fenced(
    style: Some(Display),
    open: Op('(', OnlyF),
    close: Op(')', OnlyG),
    content: Frac(
      num: Number("1"),
      denom: Number("2"),
      lt_value: 0.1,
      lt_unit: Rem,
      attr: None,
    ),
  ),
]
