---
source: math-core/src/latex_parser/lexer.rs
expression: "\\genfrac{}{}{0pt}{2}{a+b}{c+d}"
---
0: Genfrac
8: GroupBegin
9: GroupEnd
10: GroupBegin
11: GroupEnd
12: StringLiteral("0pt")
17: GroupBegin
18: Digit(Two)
19: GroupEnd
20: GroupBegin
21: Letter('a')
22: BinaryOp(Bin { char: '+', cat: BD })
23: Letter('b')
24: GroupEnd
25: GroupBegin
26: Letter('c')
27: BinaryOp(Bin { char: '+', cat: BD })
28: Letter('d')
29: GroupEnd
