---
source: math-core/src/latex_parser/parse.rs
expression: "\\mathit{ab \\log cd}"
---
[
  Row(
    nodes: [
      IdentifierStr(true, "𝑎𝑏"),
      PseudoOp(
        attr: None,
        left: Some(ThreeMu),
        right: Some(ThreeMu),
        name: "log",
      ),
      IdentifierStr(true, "𝑐𝑑"),
    ],
    attr: None,
  ),
]
