---
source: math-core/src/latex_parser/parse.rs
expression: "\\begin{pmatrix} x \\\\ y \\end{pmatrix}"
---
[
  Fenced(
    style: None,
    open: Some(StretchableOp('(', Always)),
    close: Some(StretchableOp(')', Always)),
    content: Table(
      content: [
        IdentifierChar('x', Default, false),
        RowSeparator(None),
        IdentifierChar('y', Default, false),
      ],
      align: Centered,
      attr: None,
      with_numbering: false,
      last_equation_num: None,
    ),
  ),
]
