---
source: math-core/src/latex_parser/parse.rs
expression: "\\begin{matrix}\\sum\\displaystyle\\sum\\end{matrix}"
---
[
  Table(
    content: [
      Operator(
        op: '∑',
        attr: None,
        left: Some(Zero),
        right: None,
      ),
      Row(
        nodes: [
          Operator(
            op: '∑',
            attr: None,
            left: Some(Zero),
            right: Some(Zero),
          ),
        ],
        attr: Style(Display),
      ),
    ],
    align: Centered,
    attr: None,
    with_numbering: false,
  ),
]
