---
source: math-core/src/latex_parser/parse.rs
expression: "\\left(\\displaystyle \\int\\right)\\int"
---
[
  Fenced(
    style: None,
    open: Fence('(', false, Always),
    close: Fence(')', false, Always),
    content: Row(
      nodes: [
        Operator(
          op: '∫',
          attr: None,
          left: Some(Zero),
          right: Some(Zero),
        ),
      ],
      attr: Style(Display),
    ),
  ),
  Operator(
    op: '∫',
    attr: None,
    left: None,
    right: Some(Zero),
  ),
]
