---
source: math-core/src/latex_parser/parse.rs
expression: "\\mathit{ab \\max \\alpha\\beta}"
---
[
  Row(
    nodes: [
      IdentifierStr(true, "𝑎𝑏"),
      PseudoOp(
        attr: None,
        left: Some(ThreeMu),
        right: Some(ThreeMu),
        name: "max",
      ),
      IdentifierStr(true, "𝛼𝛽"),
    ],
    attr: None,
  ),
]
