---
source: math-core/src/latex_parser/parse.rs
expression: "\\mathrm{x_x y_y}"
---
[
  Row(
    nodes: [
      Subscript(
        target: IdentifierChar('x', Upright, false),
        symbol: IdentifierChar('x', Upright, false),
      ),
      Subscript(
        target: IdentifierChar('y', Upright, false),
        symbol: IdentifierChar('y', Upright, false),
      ),
    ],
    attr: None,
  ),
]
