---
source: math-core/src/latex_parser/parse.rs
expression: "\\sout{abc}"
---
[
  Enclose(
    content: Row(
      nodes: [
        IdentifierChar('a', Default),
        IdentifierChar('b', Default),
        IdentifierChar('c', Default),
      ],
      attr: None,
    ),
    notation: Notation("HORIZONTAL"),
  ),
]
