---
source: math-core/src/parse.rs
expression: "\\mathit{ab \\log cd}"
---
[
  TextTransform(
    tf: Transform(Italic),
    content: Row(
      nodes: [
        IdentifierStr("ab"),
        PseudoOp(
          attr: None,
          left: Some(ThreeMu),
          right: Some(ThreeMu),
          name: "log",
        ),
        IdentifierStr("cd"),
      ],
      attr: None,
    ),
  ),
]
