---
source: math-core/src/parse.rs
expression: "\\mathrm{ab\\mathit{cd}ef}"
---
[
  TextTransform(
    tf: Normal,
    content: Row(
      nodes: [
        IdentifierStr("ab"),
        TextTransform(
          tf: Transform(Italic),
          content: IdentifierStr("cd"),
        ),
        IdentifierStr("ef"),
      ],
      attr: None,
    ),
  ),
]
