---
source: math-core/src/parse.rs
expression: "\\mathit{\\mathrm{a}b}"
---
[
  TextTransform(
    tf: Transform(Italic),
    content: Row(
      nodes: [
        TextTransform(
          tf: Normal,
          content: IdentifierChar('a', Default),
        ),
        IdentifierChar('b', Default),
      ],
      attr: None,
    ),
  ),
]
