---
source: math-core/src/parse.rs
expression: "\\begin{pmatrix} x \\\\ y \\end{pmatrix}"
---
[
  Fenced(
    style: None,
    open: Some(StretchableOp('(', Always)),
    close: Some(StretchableOp(')', Always)),
    content: Table(
      align: Centered,
      style: Some(Display),
      content: [
        IdentifierChar('x', Default),
        RowSeparator(None),
        IdentifierChar('y', Default),
      ],
    ),
  ),
]
