---
source: math-core/src/parse.rs
expression: "\\begin{matrix}\\sum\\displaystyle\\sum\\end{matrix}"
---
[
  Table(
    align: Centered,
    style: Some(Display),
    content: [
      Operator(
        op: '∑',
        attr: None,
        left: Some(Zero),
        right: None,
      ),
      Row(
        nodes: [
          Operator(
            op: '∑',
            attr: None,
            left: Some(Zero),
            right: Some(Zero),
          ),
        ],
        attr: Some(Style(Display)),
      ),
    ],
  ),
]
