---
source: math-core/src/lexer.rs
expression: "\\genfrac(]{0pt}{2}{a+b}{c+d}"
---
0: Genfrac
8: Open(Fence('('))
9: SquareBracketClose
10: GroupBegin
11: Digit('0')
12: Letter('p')
13: Letter('t')
14: GroupEnd
15: GroupBegin
16: Digit('2')
17: GroupEnd
18: GroupBegin
19: Letter('a')
20: BinaryOp(Bin { char: '+', cat: BD })
21: Letter('b')
22: GroupEnd
23: GroupBegin
24: Letter('c')
25: BinaryOp(Bin { char: '+', cat: BD })
26: Letter('d')
27: GroupEnd
