---
source: math-core/src/parse.rs
expression: "\\begin{pmatrix} x \\\\ y \\end{pmatrix}"
---
[
  Fenced(
    style: None,
    open: Fence('(', false, Always),
    close: Fence(')', false, Always),
    content: Table(
      content: [
        SingleLetterIdent('x', false),
        RowSeparator,
        SingleLetterIdent('y', false),
      ],
      align: Center,
      attr: None,
    ),
  ),
]
