---
source: math-core/src/parse.rs
expression: "x_:\\equiv, x_:="
---
[
  Subscript(
    target: IdentifierChar('x', Default),
    symbol: Operator(
      op: Op(':'),
      attr: None,
      left: Some(FourMu),
      right: Some(FourMu),
    ),
  ),
  Operator(
    op: Op('≡'),
    attr: None,
    left: None,
    right: None,
  ),
  Operator(
    op: Op(','),
    attr: None,
    left: None,
    right: None,
  ),
  Subscript(
    target: IdentifierChar('x', Default),
    symbol: Operator(
      op: Op(':'),
      attr: None,
      left: Some(FourMu),
      right: Some(FourMu),
    ),
  ),
  Operator(
    op: Op('='),
    attr: None,
    left: None,
    right: None,
  ),
]
