---
source: math-core/src/parse.rs
expression: ":2=:="
---
[
  Operator(
    op: Op(':'),
    attr: None,
    left: Some(FourMu),
    right: Some(FourMu),
  ),
  Number("2"),
  Operator(
    op: Op('='),
    attr: None,
    left: None,
    right: None,
  ),
  Operator(
    op: Op('≔'),
    attr: None,
    left: None,
    right: None,
  ),
]
