---
source: math-core/src/parse.rs
expression: "x_:\\equiv, x_:="
---
[
  Subscript(
    target: SingleLetterIdent('x', false),
    symbol: OperatorWithSpacing(
      op: Op(':'),
      left: Some(FourMu),
      right: Some(FourMu),
    ),
  ),
  OperatorWithSpacing(
    op: Op('≡'),
    left: None,
    right: None,
  ),
  Operator(Op(','), None),
  Subscript(
    target: SingleLetterIdent('x', false),
    symbol: OperatorWithSpacing(
      op: Op(':'),
      left: Some(FourMu),
      right: Some(FourMu),
    ),
  ),
  OperatorWithSpacing(
    op: Op('='),
    left: None,
    right: None,
  ),
]
