---
source: math-core/src/parse.rs
expression: "\\mathit{ab \\max \\alpha\\beta}"
---
[
  TextTransform(
    tf: Transform(Italic),
    content: Row(
      nodes: [
        CollectedLetters("ab"),
        PseudoOperator(
          attr: None,
          left: ThreeMu,
          right: ThreeMu,
          name: "max",
        ),
        CollectedLetters("αβ"),
      ],
      attr: None,
    ),
  ),
]
